[     291ms] [LOG] %c EvalError
    at Xa (https://www.ti.com/Dl82I3Ui/init.js:2:24629)
    at Lo (https://www.ti.com/Dl82I3Ui/init.js:2:27085)
    at https://www.ti.com/Dl82I3Ui/init.js:2:188986
    at https://www.ti.com/Dl82I3Ui/init.js:2:189082
    at https://www.ti.com/Dl82I3Ui/init.js:2:189427
    at https://www.ti.com/Dl82I3Ui/init.js:2:189430 @ https://www.ti.com/Dl82I3Ui/init.js:1
[     414ms] TypeError: Unhandled Promise Rejection: Cannot read properties of undefined (reading 'en-US')
    at https://www.ti.com/assets/js/@ticom/header-content/1.latest/en-us/js/header-responsive.js:66:28573
[     668ms] [ERROR] Failed to load resource: the server responded with a status of 401 () @ https://www.ti.com/folders-inventory/api/v1/opns/inventory?opn=LM5143RHAR&opn=LM5143-Q1EVM-2100:0
[     811ms] [LOG] TrafficAgent: Initializing storage protection for internal items. @ https://www.ti.com/product/LM5143:142
[     812ms] [LOG] Client code is required to start Traffic Agent. Please provide it in the script tag or as a query param. @ https://www.ti.com/product/LM5143:142
[     812ms] [LOG] Force removing localStorage item with key: katalon_traffic_agent_pending_related_tab, bypassing protection. @ https://www.ti.com/product/LM5143:142
[     812ms] [LOG] Force removing localStorage item with key: katalon_traffic_agent_pending_related_tab, bypassing protection. @ https://www.ti.com/product/LM5143:142
[     817ms] [LOG] 0 @ https://www.ti.com/product/LM5143:142
[     922ms] [LOG] Starting TrafficAgent for client code: KA-86773-5 @ https://www.ti.com/product/LM5143:142
[    1083ms] [ERROR] Failed to load resource: the server responded with a status of 401 () @ https://www.ti.com/cartmodel/mini-cart?includeItems=false&locale=en-US:0
[    1260ms] [ERROR] Failed to load resource: the server responded with a status of 401 () @ https://www.ti.com/cartmodel/mini-cart?currency=USD&includeItems=true&locale=en-US&cartType=PAID:0
[   11350ms] TypeError: Unhandled Promise Rejection: Cannot read properties of null (reading 'setAttribute')
    at l.componentDidLoad (https://www.ti.com/assets/js/@ticom/coveo-components/2.latest/p-cd534600.entry.js:4:2388)
